           *******************************************************
                            Listing of SPARK Text
                              Examiner GPL 2011
             Copyright (C) 2011 Altran Praxis Limited, Bath, U.K.
           *******************************************************


                        DATE : 28-MAY-2014 16:21:21.62

Line
   1  with Measures;
   2  with Heart;
   3  
   4  -- This package simulates a heart rate monitor. It is provided with a
   5  --  HeartType record, and must read the heart rate from this. Some
   6  --  random error is introduced into the readings..
   7  --# inherit Measures,
   8  --#         RandomNumber,
   9  --#         Heart;
  10  package HRM is
  11     
  12     -- The record type for a heart rate monitor
  13     type HRMType is
  14        record
  15  	 -- The measure heart rate for the heart
  16  	 Rate : Measures.BPM;
  17  	 
  18  	 IsOn : Boolean;  -- Indicates whether the HRM is on.
  19        end record;
  20     
  21     -- Create and initialise a HRM.
  22     procedure Init(Monitor : out HRMType);
  23     --# derives Monitor from ;
  24     --# post Monitor.IsOn = False and 
  25     --#      Monitor.Rate = Measures.BPM'First;
  26     
  27     -- Turn on the HRM and get a first reading from the heart.
  28     procedure On(Monitor : out HRMType; Hrt : in Heart.HeartType);
  29     --# derives Monitor from Hrt;
  30     --# post Monitor.IsOn;
  31        
  32     -- Turn off the HRM.
  33     procedure Off(Monitor : in out HRMType);
  34     --# derives Monitor from Monitor;
  35     --# post not Monitor.IsOn;
  36     
  37     -- Get the status of the HRM (on/off)
  38     function IsOn(Monitor : in HRMType) return Boolean;
  39     --# return Monitor.IsOn;
  40     
  41     -- Access the *measured* heart rate
  42     procedure GetRate(Monitor : in HRMType;
  43  		     Rate : out Measures.BPM);
  44     --# derives Rate from Monitor;
  45     --# post (Monitor.IsOn -> Rate = Monitor.Rate)
  46     --#      and
  47     --#      (not Monitor.IsOn -> Rate = Measures.BPM'First);
  48        
  49     -- Tick the clock, reading the heart rate from the heart
  50     procedure Tick(Monitor : in out HRMType; Hrt : in Heart.HeartType);
  51     --# derives Monitor from Monitor, Hrt;
  52     --# post not Monitor.IsOn -> 
  53     --#      (Monitor.Rate = Measures.BPM'First);
  54     
  55  end HRM;


--End of file--------------------------------------------------
